2026-07-27 10:17:57,017 [INFO] Starting FieldPO NextAction fill script
2026-07-27 10:18:00,304 [INFO] Found 20 candidate row(s) for today.
2026-07-27 10:18:00,308 [INFO] Backup written: C:\Users\steeldir\Code\GlassOrchestrator\log\fieldpo_nextaction_backups\nextaction_backup_20260727_101800.json
2026-07-27 10:18:10,363 [INFO] FieldPO popup detected. Clicking Resume Work.
2026-07-27 10:18:10,818 [INFO] Lookup MVA 59753341
2026-07-27 10:18:12,826 [INFO] FieldPO popup detected. Clicking Resume Work.
2026-07-27 10:18:23,190 [INFO] Row 2059 MVA 59753341 -> NextAction=multi
2026-07-27 10:18:23,191 [INFO] Lookup MVA 58614522
2026-07-27 10:18:25,237 [INFO] FieldPO popup detected. Clicking Resume Work.
2026-07-27 10:18:35,342 [INFO] Row 2060 MVA 58614522 -> NextAction=multi
2026-07-27 10:18:35,343 [INFO] Lookup MVA 61585624
2026-07-27 10:18:37,372 [INFO] FieldPO popup detected. Clicking Resume Work.
2026-07-27 10:18:47,333 [INFO] Row 2061 MVA 61585624 -> NextAction=multi
2026-07-27 10:18:47,333 [INFO] Lookup MVA 54997003
2026-07-27 10:18:53,143 [INFO] FieldPO popup detected. Clicking Resume Work.
2026-07-27 10:19:02,121 [ERROR] Future exception was never retrieved
future: <Future finished exception=TargetClosedError('Target page, context or browser has been closed')>
playwright._impl._errors.TargetClosedError: Target page, context or browser has been closed
2026-07-27 10:19:02,122 [ERROR] Future exception was never retrieved
future: <Future finished exception=TargetClosedError('Target page, context or browser has been closed')>
playwright._impl._errors.TargetClosedError: Target page, context or browser has been closed
2026-07-27 10:22:44,625 [INFO] Starting FieldPO NextAction fill script
2026-07-27 10:22:47,795 [INFO] Found 20 candidate row(s) for today.
2026-07-27 10:22:47,799 [INFO] Backup written: C:\Users\steeldir\Code\GlassOrchestrator\log\fieldpo_nextaction_backups\nextaction_backup_20260727_102247.json
2026-07-27 10:22:56,693 [INFO] FieldPO popup detected. Clicking Resume Work.
2026-07-27 10:22:57,078 [INFO] Lookup MVA 59753341
2026-07-27 10:22:59,095 [INFO] FieldPO popup detected. Clicking Resume Work.
2026-07-27 10:23:09,320 [INFO] Row 2059 MVA 59753341 -> NextAction=FPO1079570
2026-07-27 10:23:09,320 [INFO] Lookup MVA 58614522
2026-07-27 10:23:11,314 [INFO] FieldPO popup detected. Clicking Resume Work.
2026-07-27 10:23:21,555 [INFO] Row 2060 MVA 58614522 -> NextAction=FPO1083004
2026-07-27 10:23:21,556 [INFO] Lookup MVA 61585624
2026-07-27 10:23:23,489 [INFO] FieldPO popup detected. Clicking Resume Work.
2026-07-27 10:23:33,609 [INFO] Row 2061 MVA 61585624 -> NextAction=FPO1079594
2026-07-27 10:23:33,610 [INFO] Lookup MVA 54997003
2026-07-27 10:23:35,604 [INFO] FieldPO popup detected. Clicking Resume Work.
2026-07-27 10:24:10,409 [WARNING] 54997003 - FieldPO lookup failed (Locator.click: Timeout 30000ms exceeded.
Call log:
  - waiting for locator("text=MVA#").first
). Writing Missing.
2026-07-27 10:24:10,754 [INFO] Row 2062 MVA 54997003 -> NextAction=Missing
2026-07-27 10:24:10,754 [INFO] Lookup MVA 50090342
2026-07-27 10:24:12,808 [INFO] FieldPO popup detected. Clicking Resume Work.
2026-07-27 10:24:22,822 [INFO] Row 2064 MVA 50090342 -> NextAction=FPO1082991
2026-07-27 10:24:22,822 [INFO] Lookup MVA 51003396
2026-07-27 10:24:24,807 [INFO] FieldPO popup detected. Clicking Resume Work.
2026-07-27 10:24:34,853 [INFO] Row 2065 MVA 51003396 -> NextAction=FPO1082980
2026-07-27 10:24:34,853 [INFO] Lookup MVA 56619371
2026-07-27 10:24:36,821 [INFO] FieldPO popup detected. Clicking Resume Work.
2026-07-27 10:24:46,833 [INFO] Row 2066 MVA 56619371 -> NextAction=FPO1082971
2026-07-27 10:24:46,833 [INFO] Lookup MVA 60230715
2026-07-27 10:24:48,779 [INFO] FieldPO popup detected. Clicking Resume Work.
2026-07-27 10:24:58,954 [INFO] Row 2068 MVA 60230715 -> NextAction=FPO1082964
2026-07-27 10:24:58,975 [INFO] Lookup MVA 59560546
2026-07-27 10:25:01,182 [INFO] FieldPO popup detected. Clicking Resume Work.
2026-07-27 10:25:11,499 [INFO] Row 2070 MVA 59560546 -> NextAction=FPO1082960
2026-07-27 10:25:11,504 [INFO] Lookup MVA 60599162
2026-07-27 10:25:13,616 [INFO] FieldPO popup detected. Clicking Resume Work.
2026-07-27 10:25:23,988 [INFO] Row 2073 MVA 60599162 -> NextAction=FPO1082950
2026-07-27 10:25:23,988 [INFO] Lookup MVA 59336233
2026-07-27 10:25:25,977 [INFO] FieldPO popup detected. Clicking Resume Work.
2026-07-27 10:25:36,254 [INFO] Row 2074 MVA 59336233 -> NextAction=FPO1082945
2026-07-27 10:25:36,263 [INFO] Lookup MVA 60565595
2026-07-27 10:25:38,529 [INFO] FieldPO popup detected. Clicking Resume Work.
2026-07-27 10:25:48,837 [INFO] Row 2076 MVA 60565595 -> NextAction=FPO1082782
2026-07-27 10:25:48,838 [INFO] Lookup MVA 61368742
2026-07-27 10:25:50,984 [INFO] FieldPO popup detected. Clicking Resume Work.
2026-07-27 10:26:01,761 [INFO] Row 2078 MVA 61368742 -> NextAction=FPO1082771
2026-07-27 10:26:01,766 [INFO] Lookup MVA 60148373
2026-07-27 10:26:03,752 [INFO] FieldPO popup detected. Clicking Resume Work.
2026-07-27 10:26:14,024 [INFO] Row 2079 MVA 60148373 -> NextAction=FPO1082764
2026-07-27 10:26:14,047 [INFO] Lookup MVA 60382092
2026-07-27 10:26:16,594 [INFO] FieldPO popup detected. Clicking Resume Work.
2026-07-27 10:26:27,457 [INFO] Row 2080 MVA 60382092 -> NextAction=FPO1082758
2026-07-27 10:26:27,457 [INFO] Lookup MVA 58861235
2026-07-27 10:26:29,779 [INFO] FieldPO popup detected. Clicking Resume Work.
2026-07-27 10:26:40,541 [INFO] Row 2081 MVA 58861235 -> NextAction=FPO1082752
2026-07-27 10:26:40,541 [INFO] Lookup MVA 61744550
2026-07-27 10:26:42,612 [INFO] FieldPO popup detected. Clicking Resume Work.
2026-07-27 10:26:52,630 [INFO] Row 2082 MVA 61744550 -> NextAction=FPO1082745
2026-07-27 10:26:52,636 [INFO] Lookup MVA 55863205
2026-07-27 10:26:54,847 [INFO] FieldPO popup detected. Clicking Resume Work.
2026-07-27 10:27:05,538 [INFO] Row 2083 MVA 55863205 -> NextAction=FPO1082740
2026-07-27 10:27:05,538 [INFO] Lookup MVA 59754505
2026-07-27 10:27:07,654 [INFO] FieldPO popup detected. Clicking Resume Work.
2026-07-27 10:27:18,434 [INFO] Row 2084 MVA 59754505 -> NextAction=FPO1082733
2026-07-27 10:27:18,435 [INFO] Lookup MVA 54036953
2026-07-27 10:27:20,538 [INFO] FieldPO popup detected. Clicking Resume Work.
2026-07-27 10:27:30,924 [INFO] Row 2085 MVA 54036953 -> NextAction=FPO1059310
2026-07-27 10:27:31,475 [INFO] Complete. Updated=20, multi=0, missing=1, single=19
2026-07-27 10:34:44,540 [INFO] Starting FieldPO NextAction fill script
2026-07-27 10:34:47,807 [INFO] Found 0 candidate row(s) for today.
2026-07-27 10:34:47,807 [INFO] No eligible rows. Exiting.
2026-07-27 10:38:58,751 [INFO] Starting FieldPO NextAction fill script
2026-07-27 10:39:02,330 [INFO] Found 1 lookup candidate row(s) and 19 non-blank verification row(s) for today.
2026-07-27 10:39:02,333 [INFO] Backup written: C:\Users\steeldir\Code\GlassOrchestrator\log\fieldpo_nextaction_backups\nextaction_backup_20260727_103902.json
2026-07-27 10:39:12,082 [INFO] FieldPO popup detected. Clicking Resume Work.
2026-07-27 10:39:12,517 [INFO] Lookup MVA 54997003
2026-07-27 10:39:14,523 [INFO] FieldPO popup detected. Clicking Resume Work.
2026-07-27 10:39:49,389 [WARNING] 54997003 - FieldPO lookup failed (Locator.click: Timeout 30000ms exceeded.
Call log:
  - waiting for locator("text=MVA#").first
). Writing Error.
2026-07-27 10:39:50,257 [INFO] Row 2062 MVA 54997003 -> NextAction=Error
2026-07-27 10:39:50,258 [INFO] Verify lookup MVA 59753341
2026-07-27 10:39:52,748 [INFO] FieldPO popup detected. Clicking Resume Work.
2026-07-27 10:40:02,903 [INFO] Verify row 2059 MVA 59753341 matched existing NextAction=FPO1079570
2026-07-27 10:40:02,904 [INFO] Verify lookup MVA 58614522
2026-07-27 10:40:04,907 [INFO] FieldPO popup detected. Clicking Resume Work.
2026-07-27 10:40:14,668 [INFO] Verify row 2060 MVA 58614522 matched existing NextAction=FPO1083004
2026-07-27 10:40:14,669 [INFO] Verify lookup MVA 61585624
2026-07-27 10:40:16,742 [INFO] FieldPO popup detected. Clicking Resume Work.
2026-07-27 10:40:26,455 [INFO] Verify row 2061 MVA 61585624 matched existing NextAction=FPO1079594
2026-07-27 10:40:26,456 [INFO] Verify lookup MVA 50090342
2026-07-27 10:40:28,445 [INFO] FieldPO popup detected. Clicking Resume Work.
2026-07-27 10:40:38,225 [INFO] Verify row 2064 MVA 50090342 matched existing NextAction=FPO1082991
2026-07-27 10:40:38,225 [INFO] Verify lookup MVA 51003396
2026-07-27 10:40:40,210 [INFO] FieldPO popup detected. Clicking Resume Work.
2026-07-27 10:40:49,989 [INFO] Verify row 2065 MVA 51003396 matched existing NextAction=FPO1082980
2026-07-27 10:40:49,990 [INFO] Verify lookup MVA 56619371
2026-07-27 10:40:52,347 [INFO] FieldPO popup detected. Clicking Resume Work.
2026-07-27 10:41:02,244 [INFO] Verify row 2066 MVA 56619371 matched existing NextAction=FPO1082971
2026-07-27 10:41:02,244 [INFO] Verify lookup MVA 60230715
2026-07-27 10:41:04,300 [INFO] FieldPO popup detected. Clicking Resume Work.
2026-07-27 10:41:14,093 [INFO] Verify row 2068 MVA 60230715 matched existing NextAction=FPO1082964
2026-07-27 10:41:14,093 [INFO] Verify lookup MVA 59560546
2026-07-27 10:41:16,135 [INFO] FieldPO popup detected. Clicking Resume Work.
2026-07-27 10:41:25,852 [INFO] Verify row 2070 MVA 59560546 matched existing NextAction=FPO1082960
2026-07-27 10:41:25,853 [INFO] Verify lookup MVA 60599162
2026-07-27 10:41:27,838 [INFO] FieldPO popup detected. Clicking Resume Work.
2026-07-27 10:41:37,773 [INFO] Verify row 2073 MVA 60599162 matched existing NextAction=FPO1082950
2026-07-27 10:41:37,774 [INFO] Verify lookup MVA 59336233
2026-07-27 10:41:39,868 [INFO] FieldPO popup detected. Clicking Resume Work.
2026-07-27 10:41:50,685 [INFO] Verify row 2074 MVA 59336233 matched existing NextAction=FPO1082945
2026-07-27 10:41:50,685 [INFO] Verify lookup MVA 60565595
2026-07-27 10:41:52,863 [INFO] FieldPO popup detected. Clicking Resume Work.
2026-07-27 10:42:02,954 [INFO] Verify row 2076 MVA 60565595 matched existing NextAction=FPO1082782
2026-07-27 10:42:02,955 [INFO] Verify lookup MVA 61368742
2026-07-27 10:42:05,004 [INFO] FieldPO popup detected. Clicking Resume Work.
2026-07-27 10:42:14,891 [INFO] Verify row 2078 MVA 61368742 matched existing NextAction=FPO1082771
2026-07-27 10:42:14,892 [INFO] Verify lookup MVA 60148373
2026-07-27 10:42:16,969 [INFO] FieldPO popup detected. Clicking Resume Work.
2026-07-27 10:42:26,719 [INFO] Verify row 2079 MVA 60148373 matched existing NextAction=FPO1082764
2026-07-27 10:42:26,719 [INFO] Verify lookup MVA 60382092
2026-07-27 10:42:28,719 [INFO] FieldPO popup detected. Clicking Resume Work.
2026-07-27 10:42:38,468 [INFO] Verify row 2080 MVA 60382092 matched existing NextAction=FPO1082758
2026-07-27 10:42:38,469 [INFO] Verify lookup MVA 58861235
2026-07-27 10:42:40,483 [INFO] FieldPO popup detected. Clicking Resume Work.
2026-07-27 10:42:50,245 [INFO] Verify row 2081 MVA 58861235 matched existing NextAction=FPO1082752
2026-07-27 10:42:50,246 [INFO] Verify lookup MVA 61744550
2026-07-27 10:42:52,277 [INFO] FieldPO popup detected. Clicking Resume Work.
2026-07-27 10:43:02,010 [INFO] Verify row 2082 MVA 61744550 matched existing NextAction=FPO1082745
2026-07-27 10:43:02,010 [INFO] Verify lookup MVA 55863205
2026-07-27 10:43:03,956 [INFO] FieldPO popup detected. Clicking Resume Work.
2026-07-27 10:43:13,731 [INFO] Verify row 2083 MVA 55863205 matched existing NextAction=FPO1082740
2026-07-27 10:43:13,731 [INFO] Verify lookup MVA 59754505
2026-07-27 10:43:15,750 [INFO] FieldPO popup detected. Clicking Resume Work.
2026-07-27 10:43:25,508 [INFO] Verify row 2084 MVA 59754505 matched existing NextAction=FPO1082733
2026-07-27 10:43:25,508 [INFO] Verify lookup MVA 54036953
2026-07-27 10:43:27,548 [INFO] FieldPO popup detected. Clicking Resume Work.
2026-07-27 10:43:37,284 [INFO] Verify row 2085 MVA 54036953 matched existing NextAction=FPO1059310
2026-07-27 10:43:41,547 [INFO] Complete. Updated=1, multi=0, missing=0, single=1, patched_blanks=0, verify_match=19, verify_mismatch=0
2026-07-27 10:49:15,586 [INFO] Starting FieldPO NextAction fill script
2026-07-27 10:49:18,759 [INFO] Found 1 lookup candidate row(s) and 19 non-blank verification row(s) for today.
2026-07-27 10:49:18,762 [INFO] Backup written: C:\Users\steeldir\Code\GlassOrchestrator\log\fieldpo_nextaction_backups\nextaction_backup_20260727_104918.json
2026-07-27 10:49:27,705 [INFO] FieldPO popup detected. Clicking Resume Work.
2026-07-27 10:49:28,085 [INFO] Lookup MVA 54997003
2026-07-27 10:49:30,138 [INFO] FieldPO popup detected. Clicking Resume Work.
2026-07-27 10:50:04,990 [WARNING] 54997003 - FieldPO lookup failed (Locator.click: Timeout 30000ms exceeded.
Call log:
  - waiting for locator("text=MVA#").first
). Writing Error.
2026-07-27 10:50:05,565 [INFO] Row 2062 MVA 54997003 -> NextAction=Error
2026-07-27 10:50:05,566 [INFO] Verify lookup MVA 59753341
2026-07-27 10:50:07,551 [INFO] FieldPO popup detected. Clicking Resume Work.
2026-07-27 10:50:17,304 [INFO] Verify row 2059 MVA 59753341 matched existing NextAction=FPO1079570
2026-07-27 10:50:17,304 [INFO] Verify lookup MVA 58614522
2026-07-27 10:50:19,321 [INFO] FieldPO popup detected. Clicking Resume Work.
2026-07-27 10:50:29,074 [INFO] Verify row 2060 MVA 58614522 matched existing NextAction=FPO1083004
2026-07-27 10:50:29,074 [INFO] Verify lookup MVA 61585624
2026-07-27 10:50:30,984 [INFO] FieldPO popup detected. Clicking Resume Work.
2026-07-27 10:50:40,683 [INFO] Verify row 2061 MVA 61585624 matched existing NextAction=FPO1079594
2026-07-27 10:50:40,684 [INFO] Verify lookup MVA 50090342
2026-07-27 10:50:42,659 [INFO] FieldPO popup detected. Clicking Resume Work.
2026-07-27 10:50:52,394 [INFO] Verify row 2064 MVA 50090342 matched existing NextAction=FPO1082991
2026-07-27 10:50:52,395 [INFO] Verify lookup MVA 51003396
2026-07-27 10:50:54,378 [INFO] FieldPO popup detected. Clicking Resume Work.
2026-07-27 10:51:04,061 [INFO] Verify row 2065 MVA 51003396 matched existing NextAction=FPO1082980
2026-07-27 10:51:04,061 [INFO] Verify lookup MVA 56619371
2026-07-27 10:51:06,054 [INFO] FieldPO popup detected. Clicking Resume Work.
2026-07-27 10:51:15,859 [INFO] Verify row 2066 MVA 56619371 matched existing NextAction=FPO1082971
2026-07-27 10:51:15,860 [INFO] Verify lookup MVA 60230715
2026-07-27 10:51:17,839 [INFO] FieldPO popup detected. Clicking Resume Work.
2026-07-27 10:51:27,582 [INFO] Verify row 2068 MVA 60230715 matched existing NextAction=FPO1082964
2026-07-27 10:51:27,582 [INFO] Verify lookup MVA 59560546
2026-07-27 10:51:29,595 [INFO] FieldPO popup detected. Clicking Resume Work.
2026-07-27 10:51:39,340 [INFO] Verify row 2070 MVA 59560546 matched existing NextAction=FPO1082960
2026-07-27 10:51:39,340 [INFO] Verify lookup MVA 60599162
2026-07-27 10:51:41,391 [INFO] FieldPO popup detected. Clicking Resume Work.
2026-07-27 10:51:51,134 [INFO] Verify row 2073 MVA 60599162 matched existing NextAction=FPO1082950
2026-07-27 10:51:51,135 [INFO] Verify lookup MVA 59336233
2026-07-27 10:51:53,163 [INFO] FieldPO popup detected. Clicking Resume Work.
2026-07-27 10:52:02,933 [INFO] Verify row 2074 MVA 59336233 matched existing NextAction=FPO1082945
2026-07-27 10:52:02,933 [INFO] Verify lookup MVA 60565595
2026-07-27 10:52:04,914 [INFO] FieldPO popup detected. Clicking Resume Work.
2026-07-27 10:52:14,628 [INFO] Verify row 2076 MVA 60565595 matched existing NextAction=FPO1082782
2026-07-27 10:52:14,642 [INFO] Verify lookup MVA 61368742
2026-07-27 10:52:16,714 [INFO] FieldPO popup detected. Clicking Resume Work.
2026-07-27 10:52:26,473 [INFO] Verify row 2078 MVA 61368742 matched existing NextAction=FPO1082771
2026-07-27 10:52:26,473 [INFO] Verify lookup MVA 60148373
2026-07-27 10:52:28,467 [INFO] FieldPO popup detected. Clicking Resume Work.
2026-07-27 10:52:38,195 [INFO] Verify row 2079 MVA 60148373 matched existing NextAction=FPO1082764
2026-07-27 10:52:38,196 [INFO] Verify lookup MVA 60382092
2026-07-27 10:52:40,178 [INFO] FieldPO popup detected. Clicking Resume Work.
2026-07-27 10:52:49,904 [INFO] Verify row 2080 MVA 60382092 matched existing NextAction=FPO1082758
2026-07-27 10:52:49,904 [INFO] Verify lookup MVA 58861235
2026-07-27 10:52:51,881 [INFO] FieldPO popup detected. Clicking Resume Work.
2026-07-27 10:53:01,675 [INFO] Verify row 2081 MVA 58861235 matched existing NextAction=FPO1082752
2026-07-27 10:53:01,675 [INFO] Verify lookup MVA 61744550
2026-07-27 10:53:03,678 [INFO] FieldPO popup detected. Clicking Resume Work.
2026-07-27 10:53:13,443 [INFO] Verify row 2082 MVA 61744550 matched existing NextAction=FPO1082745
2026-07-27 10:53:13,444 [INFO] Verify lookup MVA 55863205
2026-07-27 10:53:39,112 [INFO] Verify row 2083 MVA 55863205 matched existing NextAction=FPO1082740
2026-07-27 10:53:39,113 [INFO] Verify lookup MVA 59754505
2026-07-27 10:53:41,118 [INFO] FieldPO popup detected. Clicking Resume Work.
2026-07-27 10:53:50,932 [INFO] Verify row 2084 MVA 59754505 matched existing NextAction=FPO1082733
2026-07-27 10:53:50,932 [INFO] Verify lookup MVA 54036953
2026-07-27 10:53:52,908 [INFO] FieldPO popup detected. Clicking Resume Work.
2026-07-27 10:54:02,691 [INFO] Verify row 2085 MVA 54036953 matched existing NextAction=FPO1059310
2026-07-27 10:54:04,282 [INFO] Complete. Updated=1, multi=0, missing=0, single=1, patched_blanks=0, forced_scope_fills=0, verify_match=19, verify_mismatch=0
2026-07-27 11:01:20,517 [INFO] Starting FieldPO NextAction fill script
2026-07-27 11:01:24,300 [INFO] Found 1 lookup candidate row(s) and 19 non-blank verification row(s) for today.
2026-07-27 11:01:24,302 [INFO] Backup written: C:\Users\steeldir\Code\GlassOrchestrator\log\fieldpo_nextaction_backups\nextaction_backup_20260727_110124.json
2026-07-27 11:01:33,134 [INFO] FieldPO popup detected. Clicking Resume Work.
2026-07-27 11:01:33,521 [INFO] Lookup MVA 54997003
2026-07-27 11:01:35,532 [INFO] FieldPO popup detected. Clicking Resume Work.
2026-07-27 11:01:44,152 [INFO] 54997003 - FieldPO returned no workorder result. Writing missing.
2026-07-27 11:01:44,880 [INFO] Row 2069 MVA 54997003 -> NextAction=missing
2026-07-27 11:01:44,889 [INFO] Verify lookup MVA 59753341
2026-07-27 11:01:49,208 [ERROR] Future exception was never retrieved
future: <Future finished exception=TargetClosedError('Target page, context or browser has been closed')>
playwright._impl._errors.TargetClosedError: Target page, context or browser has been closed
2026-07-27 11:01:49,211 [ERROR] Future exception was never retrieved
future: <Future finished exception=TargetClosedError('Target page, context or browser has been closed')>
playwright._impl._errors.TargetClosedError: Target page, context or browser has been closed
2026-07-28 08:53:57,203 [INFO] Starting FieldPO NextAction fill script
2026-07-28 08:54:00,503 [INFO] Found 16 lookup candidate row(s) and 0 non-blank verification row(s) for today.
2026-07-28 08:54:00,506 [INFO] Backup written: C:\Users\steeldir\Code\GlassOrchestrator\log\fieldpo_nextaction_backups\nextaction_backup_20260728_085400.json
2026-07-28 08:54:09,844 [INFO] FieldPO popup detected. Clicking Resume Work.
2026-07-28 08:54:10,251 [INFO] Lookup MVA 59138660
2026-07-28 08:54:12,261 [INFO] FieldPO popup detected. Clicking Resume Work.
2026-07-28 08:54:26,523 [INFO] Row 2087 MVA 59138660 -> NextAction=FPO1084843
2026-07-28 08:54:26,523 [INFO] Lookup MVA 60540465
2026-07-28 08:54:28,516 [INFO] FieldPO popup detected. Clicking Resume Work.
2026-07-28 08:54:37,096 [INFO] 60540465 - FieldPO returned no workorder result. Writing missing.
2026-07-28 08:54:37,629 [INFO] Row 2088 MVA 60540465 -> NextAction=missing
2026-07-28 08:54:37,629 [INFO] Lookup MVA 60567032
2026-07-28 08:54:39,686 [INFO] FieldPO popup detected. Clicking Resume Work.
2026-07-28 08:54:53,767 [INFO] Row 2089 MVA 60567032 -> NextAction=FPO1084841
2026-07-28 08:54:53,768 [INFO] Lookup MVA 51003396
2026-07-28 08:54:55,891 [INFO] FieldPO popup detected. Clicking Resume Work.
2026-07-28 08:55:10,071 [INFO] Row 2091 MVA 51003396 -> NextAction=FPO1082980
2026-07-28 08:55:10,071 [INFO] Lookup MVA 59538522
2026-07-28 08:55:12,098 [INFO] FieldPO popup detected. Clicking Resume Work.
2026-07-28 08:55:26,179 [INFO] Row 2093 MVA 59538522 -> NextAction=FPO1084829
2026-07-28 08:55:26,180 [INFO] Lookup MVA 61583454
2026-07-28 08:55:28,181 [INFO] FieldPO popup detected. Clicking Resume Work.
2026-07-28 08:55:36,745 [INFO] 61583454 - FieldPO returned no workorder result. Writing missing.
2026-07-28 08:55:37,239 [INFO] Row 2094 MVA 61583454 -> NextAction=missing
2026-07-28 08:55:37,240 [INFO] Lookup MVA 61585624
2026-07-28 08:55:39,217 [INFO] FieldPO popup detected. Clicking Resume Work.
2026-07-28 08:55:53,309 [INFO] Row 2095 MVA 61585624 -> NextAction=FPO1079594
2026-07-28 08:55:53,310 [INFO] Lookup MVA 59753341
2026-07-28 08:55:55,306 [INFO] FieldPO popup detected. Clicking Resume Work.
2026-07-28 08:56:09,509 [INFO] Row 2096 MVA 59753341 -> NextAction=FPO1079570
2026-07-28 08:56:09,510 [INFO] Lookup MVA 59804264
2026-07-28 08:56:11,656 [INFO] FieldPO popup detected. Clicking Resume Work.
2026-07-28 08:56:26,328 [INFO] Row 2097 MVA 59804264 -> NextAction=FPO1084814
2026-07-28 08:56:26,328 [INFO] Lookup MVA 60565595
2026-07-28 08:56:28,440 [INFO] FieldPO popup detected. Clicking Resume Work.
2026-07-28 08:56:42,503 [INFO] Row 2098 MVA 60565595 -> NextAction=FPO1082782
2026-07-28 08:56:42,503 [INFO] Lookup MVA 61368742
2026-07-28 08:56:44,480 [INFO] FieldPO popup detected. Clicking Resume Work.
2026-07-28 08:56:58,661 [INFO] Row 2100 MVA 61368742 -> NextAction=FPO1082771
2026-07-28 08:56:58,661 [INFO] Lookup MVA 61744550
2026-07-28 08:57:00,727 [INFO] FieldPO popup detected. Clicking Resume Work.
2026-07-28 08:57:14,772 [INFO] Row 2101 MVA 61744550 -> NextAction=FPO1082745
2026-07-28 08:57:14,772 [INFO] Lookup MVA 59415856
2026-07-28 08:57:16,837 [INFO] FieldPO popup detected. Clicking Resume Work.
2026-07-28 08:57:30,871 [INFO] Row 2102 MVA 59415856 -> NextAction=FPO1084744
2026-07-28 08:57:30,871 [INFO] Lookup MVA 54036953
2026-07-28 08:57:32,846 [INFO] FieldPO popup detected. Clicking Resume Work.
2026-07-28 08:57:46,881 [INFO] Row 2103 MVA 54036953 -> NextAction=FPO1059310
2026-07-28 08:57:46,881 [INFO] Lookup MVA 60338762
2026-07-28 08:57:48,850 [INFO] FieldPO popup detected. Clicking Resume Work.
2026-07-28 08:58:02,933 [INFO] Row 2104 MVA 60338762 -> NextAction=FPO1084755
2026-07-28 08:58:02,933 [INFO] Lookup MVA 36928710
2026-07-28 08:58:05,015 [INFO] FieldPO popup detected. Clicking Resume Work.
2026-07-28 08:58:19,265 [INFO] Row 2105 MVA 36928710 -> NextAction=FPO1084753
2026-07-28 08:58:25,880 [INFO] Complete. Updated=16, multi=0, missing=2, single=14, patched_blanks=0, forced_scope_fills=0, verify_match=0, verify_mismatch=0
2026-07-29 08:34:15,877 [INFO] Starting FieldPO NextAction fill script
2026-07-29 08:34:18,431 [INFO] Found 15 lookup candidate row(s) and 0 non-blank verification row(s) for today.
2026-07-29 08:34:18,436 [INFO] Backup written: C:\Users\steeldir\Code\GlassOrchestrator\log\fieldpo_nextaction_backups\nextaction_backup_20260729_083418.json
2026-07-29 08:34:28,852 [INFO] FieldPO popup detected. Clicking Resume Work.
2026-07-29 08:34:29,272 [INFO] Lookup MVA 61317244
2026-07-29 08:34:31,581 [INFO] FieldPO popup detected. Clicking Resume Work.
2026-07-29 08:34:45,796 [INFO] Row 2104 MVA 61317244 -> NextAction=FPO1086502
2026-07-29 08:34:45,796 [INFO] Lookup MVA 56663132
2026-07-29 08:34:47,798 [INFO] FieldPO popup detected. Clicking Resume Work.
2026-07-29 08:35:01,867 [INFO] Row 2105 MVA 56663132 -> NextAction=FPO1086491
2026-07-29 08:35:01,867 [INFO] Lookup MVA 60111192
2026-07-29 08:35:03,855 [INFO] FieldPO popup detected. Clicking Resume Work.
2026-07-29 08:35:18,005 [INFO] Row 2106 MVA 60111192 -> NextAction=FPO1086485
2026-07-29 08:35:18,005 [INFO] Lookup MVA 59753341
2026-07-29 08:35:45,328 [INFO] Row 2107 MVA 59753341 -> NextAction=FPO1079570
2026-07-29 08:35:45,329 [INFO] Lookup MVA 61585624
2026-07-29 08:35:47,319 [INFO] FieldPO popup detected. Clicking Resume Work.
2026-07-29 08:36:01,534 [INFO] Row 2108 MVA 61585624 -> NextAction=FPO1079594
2026-07-29 08:36:01,534 [INFO] Lookup MVA 61583454
2026-07-29 08:36:03,676 [INFO] FieldPO popup detected. Clicking Resume Work.
2026-07-29 08:36:17,703 [INFO] Row 2109 MVA 61583454 -> NextAction=FPO1086475
2026-07-29 08:36:17,704 [INFO] Lookup MVA 61648064
2026-07-29 08:36:19,706 [INFO] FieldPO popup detected. Clicking Resume Work.
2026-07-29 08:36:33,862 [INFO] Row 2110 MVA 61648064 -> NextAction=FPO1086472
2026-07-29 08:36:33,862 [INFO] Lookup MVA 57950410
2026-07-29 08:36:35,856 [INFO] FieldPO popup detected. Clicking Resume Work.
2026-07-29 08:36:50,287 [INFO] Row 2113 MVA 57950410 -> NextAction=FPO1086467
2026-07-29 08:36:50,287 [INFO] Lookup MVA 60565595
2026-07-29 08:36:52,345 [INFO] FieldPO popup detected. Clicking Resume Work.
2026-07-29 08:37:06,407 [INFO] Row 2114 MVA 60565595 -> NextAction=FPO1082782
2026-07-29 08:37:06,408 [INFO] Lookup MVA 53659756
2026-07-29 08:37:08,409 [INFO] FieldPO popup detected. Clicking Resume Work.
2026-07-29 08:37:22,462 [INFO] Row 2115 MVA 53659756 -> NextAction=FPO1086402
2026-07-29 08:37:22,462 [INFO] Lookup MVA 61744550
2026-07-29 08:37:24,614 [INFO] FieldPO popup detected. Clicking Resume Work.
2026-07-29 08:37:38,734 [INFO] Row 2116 MVA 61744550 -> NextAction=FPO1082745
2026-07-29 08:37:38,735 [INFO] Lookup MVA 54036953
2026-07-29 08:37:40,672 [INFO] FieldPO popup detected. Clicking Resume Work.
2026-07-29 08:37:54,722 [INFO] Row 2117 MVA 54036953 -> NextAction=FPO1059310
2026-07-29 08:37:54,722 [INFO] Lookup MVA 60217706
2026-07-29 08:37:56,747 [INFO] FieldPO popup detected. Clicking Resume Work.
2026-07-29 08:38:10,839 [INFO] Row 2118 MVA 60217706 -> NextAction=FPO1086414
2026-07-29 08:38:10,840 [INFO] Lookup MVA 61563821
2026-07-29 08:38:12,889 [INFO] FieldPO popup detected. Clicking Resume Work.
2026-07-29 08:38:26,969 [INFO] Row 2119 MVA 61563821 -> NextAction=FPO1086415
2026-07-29 08:38:26,969 [INFO] Lookup MVA 59646996
2026-07-29 08:38:29,029 [INFO] FieldPO popup detected. Clicking Resume Work.
2026-07-29 08:38:43,181 [INFO] Row 2122 MVA 59646996 -> NextAction=FPO1086417
2026-07-29 08:38:51,008 [INFO] Complete. Updated=15, multi=0, missing=0, single=15, patched_blanks=0, forced_scope_fills=0, verify_match=0, verify_mismatch=0
2026-07-30 08:30:55,510 [INFO] Starting FieldPO NextAction fill script
2026-07-30 08:31:00,578 [INFO] Found 15 lookup candidate row(s) and 0 non-blank verification row(s) for today.
2026-07-30 08:31:00,810 [INFO] Backup written: C:\Users\steeldir\Code\GlassOrchestrator\log\fieldpo_nextaction_backups\nextaction_backup_20260730_083100.json
2026-07-30 08:31:18,481 [INFO] FieldPO popup detected. Clicking Resume Work.
2026-07-30 08:31:18,913 [INFO] Lookup MVA 58869263
2026-07-30 08:31:21,066 [INFO] FieldPO popup detected. Clicking Resume Work.
2026-07-30 08:31:29,787 [INFO] 58869263 - FieldPO returned no workorder result. Writing missing.
2026-07-30 08:31:30,392 [INFO] Row 2123 MVA 58869263 -> NextAction=missing
2026-07-30 08:31:30,393 [INFO] Lookup MVA 61750474
2026-07-30 08:31:32,483 [INFO] FieldPO popup detected. Clicking Resume Work.
2026-07-30 08:31:46,587 [INFO] Row 2124 MVA 61750474 -> NextAction=FPO1088056
2026-07-30 08:31:46,588 [INFO] Lookup MVA 56207093
2026-07-30 08:31:48,632 [INFO] FieldPO popup detected. Clicking Resume Work.
2026-07-30 08:32:02,770 [INFO] Row 2125 MVA 56207093 -> NextAction=FPO1088052
2026-07-30 08:32:02,770 [INFO] Lookup MVA 61583454
2026-07-30 08:32:04,823 [INFO] FieldPO popup detected. Clicking Resume Work.
2026-07-30 08:32:19,032 [INFO] Row 2126 MVA 61583454 -> NextAction=FPO1086475
2026-07-30 08:32:19,032 [INFO] Lookup MVA 61585624
2026-07-30 08:32:21,029 [INFO] FieldPO popup detected. Clicking Resume Work.
2026-07-30 08:32:35,169 [INFO] Row 2127 MVA 61585624 -> NextAction=FPO1079594
2026-07-30 08:32:35,169 [INFO] Lookup MVA 60333571
2026-07-30 08:32:37,206 [INFO] FieldPO popup detected. Clicking Resume Work.
2026-07-30 08:32:51,378 [INFO] Row 2128 MVA 60333571 -> NextAction=FPO1088047
2026-07-30 08:32:51,378 [INFO] Lookup MVA 59753341
2026-07-30 08:32:53,483 [INFO] FieldPO popup detected. Clicking Resume Work.
2026-07-30 08:33:07,734 [INFO] Row 2129 MVA 59753341 -> NextAction=FPO1079570
2026-07-30 08:33:07,734 [INFO] Lookup MVA 60565595
2026-07-30 08:33:09,841 [INFO] FieldPO popup detected. Clicking Resume Work.
2026-07-30 08:33:24,074 [INFO] Row 2133 MVA 60565595 -> NextAction=FPO1082782
2026-07-30 08:33:24,074 [INFO] Lookup MVA 59192781
2026-07-30 08:33:26,232 [INFO] FieldPO popup detected. Clicking Resume Work.
2026-07-30 08:33:40,259 [INFO] Row 2134 MVA 59192781 -> NextAction=FPO1087949
2026-07-30 08:33:40,260 [INFO] Lookup MVA 53659756
2026-07-30 08:33:42,329 [INFO] FieldPO popup detected. Clicking Resume Work.
2026-07-30 08:33:56,768 [INFO] Row 2135 MVA 53659756 -> NextAction=FPO1086402
2026-07-30 08:33:56,769 [INFO] Lookup MVA 61744550
2026-07-30 08:33:58,864 [INFO] FieldPO popup detected. Clicking Resume Work.
2026-07-30 08:34:12,981 [INFO] Row 2136 MVA 61744550 -> NextAction=FPO1082745
2026-07-30 08:34:12,981 [INFO] Lookup MVA 54036953
2026-07-30 08:34:15,016 [INFO] FieldPO popup detected. Clicking Resume Work.
2026-07-30 08:34:29,075 [INFO] Row 2137 MVA 54036953 -> NextAction=FPO1059310
2026-07-30 08:34:29,076 [INFO] Lookup MVA 59733310
2026-07-30 08:34:31,233 [INFO] FieldPO popup detected. Clicking Resume Work.
2026-07-30 08:34:45,427 [INFO] Row 2138 MVA 59733310 -> NextAction=FPO1087962
2026-07-30 08:34:45,427 [INFO] Lookup MVA 60141432
2026-07-30 08:34:47,476 [INFO] FieldPO popup detected. Clicking Resume Work.
2026-07-30 08:35:01,611 [INFO] Row 2139 MVA 60141432 -> NextAction=FPO1087972
2026-07-30 08:35:01,611 [INFO] Lookup MVA 59975252
2026-07-30 08:35:03,701 [INFO] FieldPO popup detected. Clicking Resume Work.
2026-07-30 08:35:18,936 [INFO] Row 2140 MVA 59975252 -> NextAction=FPO1087980
2026-07-30 08:35:27,373 [INFO] Complete. Updated=15, multi=0, missing=1, single=14, patched_blanks=0, forced_scope_fills=0, verify_match=0, verify_mismatch=0
2026-08-03 08:41:45,534 [INFO] Starting FieldPO NextAction fill script
2026-08-03 08:41:49,076 [INFO] Found 18 lookup candidate row(s) and 0 non-blank verification row(s) for today.
2026-08-03 08:41:49,079 [INFO] Backup written: C:\Users\steeldir\Code\GlassOrchestrator\log\fieldpo_nextaction_backups\nextaction_backup_20260803_084149.json
2026-08-03 08:41:59,075 [INFO] FieldPO popup detected. Clicking Resume Work.
2026-08-03 08:41:59,569 [INFO] Lookup MVA 59287583
2026-08-03 08:42:01,715 [INFO] FieldPO popup detected. Clicking Resume Work.
2026-08-03 08:42:15,980 [INFO] Row 2146 MVA 59287583 -> NextAction=FPO1091207
2026-08-03 08:42:15,981 [INFO] Lookup MVA 60323141
2026-08-03 08:42:17,975 [INFO] FieldPO popup detected. Clicking Resume Work.
2026-08-03 08:42:32,177 [INFO] Row 2147 MVA 60323141 -> NextAction=FPO1091205
2026-08-03 08:42:32,178 [INFO] Lookup MVA 56828682
2026-08-03 08:42:34,177 [INFO] FieldPO popup detected. Clicking Resume Work.
2026-08-03 08:42:47,726 [INFO] Purchase Orders count is 2; selecting topmost PO value FPO1091203
2026-08-03 08:42:48,320 [INFO] Row 2148 MVA 56828682 -> NextAction=FPO1091203
2026-08-03 08:42:48,321 [INFO] Lookup MVA 61585624
2026-08-03 08:42:50,305 [INFO] FieldPO popup detected. Clicking Resume Work.
2026-08-03 08:43:05,042 [INFO] Row 2149 MVA 61585624 -> NextAction=FPO1079594
2026-08-03 08:43:05,043 [INFO] Lookup MVA 59106401
2026-08-03 08:43:07,053 [INFO] FieldPO popup detected. Clicking Resume Work.
2026-08-03 08:43:21,321 [INFO] Row 2150 MVA 59106401 -> NextAction=FPO1091178
2026-08-03 08:43:21,322 [INFO] Lookup MVA 60078664
2026-08-03 08:43:23,457 [INFO] FieldPO popup detected. Clicking Resume Work.
2026-08-03 08:43:37,603 [INFO] Row 2151 MVA 60078664 -> NextAction=FPO1091177
2026-08-03 08:43:37,604 [INFO] Lookup MVA 61335245
2026-08-03 08:43:39,606 [INFO] FieldPO popup detected. Clicking Resume Work.
2026-08-03 08:43:53,717 [INFO] Row 2152 MVA 61335245 -> NextAction=FPO1090238
2026-08-03 08:43:53,717 [INFO] Lookup MVA 57496106
2026-08-03 08:43:55,767 [INFO] FieldPO popup detected. Clicking Resume Work.
2026-08-03 08:44:09,795 [INFO] Row 2153 MVA 57496106 -> NextAction=FPO1091174
2026-08-03 08:44:09,795 [INFO] Lookup MVA 59037075
2026-08-03 08:44:11,804 [INFO] FieldPO popup detected. Clicking Resume Work.
2026-08-03 08:44:25,973 [INFO] Row 2154 MVA 59037075 -> NextAction=FPO1091171
2026-08-03 08:44:25,973 [INFO] Lookup MVA 57487242
2026-08-03 08:44:27,964 [INFO] FieldPO popup detected. Clicking Resume Work.
2026-08-03 08:44:42,169 [INFO] Row 2155 MVA 57487242 -> NextAction=FPO1091484
2026-08-03 08:44:42,169 [INFO] Lookup MVA 52199280
2026-08-03 08:44:44,157 [INFO] FieldPO popup detected. Clicking Resume Work.
2026-08-03 08:44:58,306 [INFO] Row 2156 MVA 52199280 -> NextAction=FPO1091497
2026-08-03 08:44:58,306 [INFO] Lookup MVA 59683665
2026-08-03 08:45:00,299 [INFO] FieldPO popup detected. Clicking Resume Work.
2026-08-03 08:45:14,478 [INFO] Row 2157 MVA 59683665 -> NextAction=FPO1091209
2026-08-03 08:45:14,478 [INFO] Lookup MVA 61104131
2026-08-03 08:45:16,443 [INFO] FieldPO popup detected. Clicking Resume Work.
2026-08-03 08:45:30,520 [INFO] Row 2158 MVA 61104131 -> NextAction=FPO1091397
2026-08-03 08:45:30,521 [INFO] Lookup MVA 55975721
2026-08-03 08:45:32,495 [INFO] FieldPO popup detected. Clicking Resume Work.
2026-08-03 08:45:46,712 [INFO] Row 2159 MVA 55975721 -> NextAction=FPO1091396
2026-08-03 08:45:46,712 [INFO] Lookup MVA 61668865
2026-08-03 08:45:48,749 [INFO] FieldPO popup detected. Clicking Resume Work.
2026-08-03 08:46:02,797 [INFO] Row 2160 MVA 61668865 -> NextAction=FPO1091395
2026-08-03 08:46:02,797 [INFO] Lookup MVA 60565595
2026-08-03 08:46:04,768 [INFO] FieldPO popup detected. Clicking Resume Work.
2026-08-03 08:46:18,868 [INFO] Row 2161 MVA 60565595 -> NextAction=FPO1082782
2026-08-03 08:46:18,869 [INFO] Lookup MVA 54019954
2026-08-03 08:46:20,838 [INFO] FieldPO popup detected. Clicking Resume Work.
2026-08-03 08:46:34,895 [INFO] Row 2162 MVA 54019954 -> NextAction=FPO1091394
2026-08-03 08:46:34,896 [INFO] Lookup MVA 59549011
2026-08-03 08:46:36,906 [INFO] FieldPO popup detected. Clicking Resume Work.
2026-08-03 08:46:50,978 [INFO] Row 2163 MVA 59549011 -> NextAction=FPO1090183
2026-08-03 08:46:58,180 [INFO] Complete. Updated=18, multi=0, missing=0, single=18, patched_blanks=0, forced_scope_fills=0, verify_match=0, verify_mismatch=0
2026-08-10 08:09:10,695 [INFO] Starting FieldPO NextAction fill script
2026-08-10 08:09:14,044 [INFO] Found 24 lookup candidate row(s) and 0 non-blank verification row(s) for today.
2026-08-10 08:09:14,044 [INFO] Backup written: C:\Users\steeldir\GlassOrchestrator\log\fieldpo_nextaction_backups\nextaction_backup_20260810_080914.json
2026-08-10 08:09:23,517 [INFO] FieldPO popup detected. Clicking Resume Work.
2026-08-10 08:09:23,885 [INFO] Lookup MVA 61730266
2026-08-10 08:09:25,829 [INFO] FieldPO popup detected. Clicking Resume Work.
2026-08-10 08:09:40,021 [INFO] Row 2238 MVA 61730266 -> NextAction=FPO1100118
2026-08-10 08:09:40,022 [INFO] Lookup MVA 60538240
2026-08-10 08:09:41,935 [INFO] FieldPO popup detected. Clicking Resume Work.
2026-08-10 08:09:55,836 [INFO] Row 2240 MVA 60538240 -> NextAction=FPO1099669
2026-08-10 08:09:55,836 [INFO] Lookup MVA 61107616
2026-08-10 08:09:57,753 [INFO] FieldPO popup detected. Clicking Resume Work.
2026-08-10 08:10:11,618 [INFO] Row 2241 MVA 61107616 -> NextAction=FPO1077597
2026-08-10 08:10:11,618 [INFO] Lookup MVA 58481721
2026-08-10 08:10:13,544 [INFO] FieldPO popup detected. Clicking Resume Work.
2026-08-10 08:10:27,388 [INFO] Row 2242 MVA 58481721 -> NextAction=FPO1099670
2026-08-10 08:10:27,388 [INFO] Lookup MVA 59869143
2026-08-10 08:10:29,305 [INFO] FieldPO popup detected. Clicking Resume Work.
2026-08-10 08:10:43,239 [INFO] Row 2243 MVA 59869143 -> NextAction=FPO1099671
2026-08-10 08:10:43,239 [INFO] Lookup MVA 61317244
2026-08-10 08:10:45,172 [INFO] FieldPO popup detected. Clicking Resume Work.
2026-08-10 08:10:58,970 [INFO] Row 2245 MVA 61317244 -> NextAction=FPO1086502
2026-08-10 08:10:58,986 [INFO] Lookup MVA 61812332
2026-08-10 08:11:00,924 [INFO] FieldPO popup detected. Clicking Resume Work.
2026-08-10 08:11:14,788 [INFO] Row 2246 MVA 61812332 -> NextAction=FPO1099673
2026-08-10 08:11:14,788 [INFO] Lookup MVA 61401336
2026-08-10 08:11:16,719 [INFO] FieldPO popup detected. Clicking Resume Work.
2026-08-10 08:11:30,620 [INFO] Row 2247 MVA 61401336 -> NextAction=FPO1099674
2026-08-10 08:11:30,620 [INFO] Lookup MVA 58981425
2026-08-10 08:11:32,558 [INFO] FieldPO popup detected. Clicking Resume Work.
2026-08-10 08:11:46,451 [INFO] Row 2249 MVA 58981425 -> NextAction=FPO1100148
2026-08-10 08:11:46,451 [INFO] Lookup MVA 61043780
2026-08-10 08:11:48,385 [INFO] FieldPO popup detected. Clicking Resume Work.
2026-08-10 08:12:02,215 [INFO] Row 2250 MVA 61043780 -> NextAction=FPO1100153
2026-08-10 08:12:02,215 [INFO] Lookup MVA 61338266
2026-08-10 08:12:04,135 [INFO] FieldPO popup detected. Clicking Resume Work.
2026-08-10 08:12:18,260 [INFO] Row 2252 MVA 61338266 -> NextAction=FPO1099675
2026-08-10 08:12:18,260 [INFO] Lookup MVA 61013923
2026-08-10 08:12:20,197 [INFO] FieldPO popup detected. Clicking Resume Work.
2026-08-10 08:12:34,045 [INFO] Row 2255 MVA 61013923 -> NextAction=FPO1099676
2026-08-10 08:12:34,045 [INFO] Lookup MVA 60725276
2026-08-10 08:12:35,994 [INFO] FieldPO popup detected. Clicking Resume Work.
2026-08-10 08:12:49,863 [INFO] Row 2258 MVA 60725276 -> NextAction=FPO1099677
2026-08-10 08:12:49,863 [INFO] Lookup MVA 59433430
2026-08-10 08:12:51,792 [INFO] FieldPO popup detected. Clicking Resume Work.
2026-08-10 08:13:05,648 [INFO] Row 2259 MVA 59433430 -> NextAction=FPO1099678
2026-08-10 08:13:05,648 [INFO] Lookup MVA 51369614
2026-08-10 08:13:07,570 [INFO] FieldPO popup detected. Clicking Resume Work.
2026-08-10 08:13:21,426 [INFO] Row 2260 MVA 51369614 -> NextAction=FPO1099664
2026-08-10 08:13:21,426 [INFO] Lookup MVA 58614393
2026-08-10 08:13:23,380 [INFO] FieldPO popup detected. Clicking Resume Work.
2026-08-10 08:13:37,283 [INFO] Row 2261 MVA 58614393 -> NextAction=FPO1099665
2026-08-10 08:13:37,283 [INFO] Lookup MVA 53514893
2026-08-10 08:13:39,153 [INFO] FieldPO popup detected. Clicking Resume Work.
2026-08-10 08:13:52,998 [INFO] Row 2262 MVA 53514893 -> NextAction=FPO1100021
2026-08-10 08:13:52,998 [INFO] Lookup MVA 61104131
2026-08-10 08:13:54,936 [INFO] FieldPO popup detected. Clicking Resume Work.
2026-08-10 08:14:08,404 [INFO] Purchase Orders count is 2; selecting topmost PO value FPO1098295
2026-08-10 08:14:08,871 [INFO] Row 2263 MVA 61104131 -> NextAction=FPO1098295
2026-08-10 08:14:08,871 [INFO] Lookup MVA 50239770
2026-08-10 08:14:10,802 [INFO] FieldPO popup detected. Clicking Resume Work.
2026-08-10 08:14:24,714 [INFO] Row 2264 MVA 50239770 -> NextAction=FPO1099666
2026-08-10 08:14:24,714 [INFO] Lookup MVA 60565595
2026-08-10 08:14:26,579 [INFO] FieldPO popup detected. Clicking Resume Work.
2026-08-10 08:14:40,487 [INFO] Row 2265 MVA 60565595 -> NextAction=FPO1082782
2026-08-10 08:14:40,487 [INFO] Lookup MVA 61744550
2026-08-10 08:14:42,430 [INFO] FieldPO popup detected. Clicking Resume Work.
2026-08-10 08:14:56,318 [INFO] Row 2266 MVA 61744550 -> NextAction=FPO1082745
2026-08-10 08:14:56,334 [INFO] Lookup MVA 61704602
2026-08-10 08:14:58,204 [INFO] FieldPO popup detected. Clicking Resume Work.
2026-08-10 08:15:12,082 [INFO] Row 2267 MVA 61704602 -> NextAction=FPO1077978
2026-08-10 08:15:12,082 [INFO] Lookup MVA 59549011
2026-08-10 08:15:14,018 [INFO] FieldPO popup detected. Clicking Resume Work.
2026-08-10 08:15:27,886 [INFO] Row 2268 MVA 59549011 -> NextAction=FPO1090183
2026-08-10 08:15:27,886 [INFO] Lookup MVA 59074805
2026-08-10 08:15:29,821 [INFO] FieldPO popup detected. Clicking Resume Work.
2026-08-10 08:15:43,735 [INFO] Row 2269 MVA 59074805 -> NextAction=FPO1099667
2026-08-10 08:15:49,967 [INFO] Complete. Updated=24, multi=0, missing=0, single=24, patched_blanks=0, forced_scope_fills=0, verify_match=0, verify_mismatch=0
2026-08-11 09:33:58,181 [INFO] Starting FieldPO NextAction fill script
2026-08-11 09:34:02,363 [INFO] Found 19 lookup candidate row(s) and 0 non-blank verification row(s) for today.
2026-08-11 09:34:02,363 [INFO] Backup written: C:\Users\steeldir\GlassOrchestrator\log\fieldpo_nextaction_backups\nextaction_backup_20260811_093402.json
2026-08-11 09:34:08,262 [INFO] FieldPO popup detected. Clicking Resume Work.
2026-08-11 09:34:08,610 [INFO] Lookup MVA 60725276
2026-08-11 09:34:10,542 [INFO] FieldPO popup detected. Clicking Resume Work.
2026-08-11 09:34:24,730 [INFO] Row 2281 MVA 60725276 -> NextAction=FPO1099677
2026-08-11 09:34:24,730 [INFO] Lookup MVA 61147446
2026-08-11 09:34:26,574 [INFO] FieldPO popup detected. Clicking Resume Work.
2026-08-11 09:34:40,689 [INFO] Row 2282 MVA 61147446 -> NextAction=FPO1102214
2026-08-11 09:34:40,689 [INFO] Lookup MVA 58166146
2026-08-11 09:34:42,540 [INFO] FieldPO popup detected. Clicking Resume Work.
2026-08-11 09:34:56,575 [INFO] Row 2283 MVA 58166146 -> NextAction=FPO1102223
2026-08-11 09:34:56,575 [INFO] Lookup MVA 61095602
2026-08-11 09:34:58,508 [INFO] FieldPO popup detected. Clicking Resume Work.
2026-08-11 09:35:12,455 [INFO] Row 2284 MVA 61095602 -> NextAction=FPO1102226
2026-08-11 09:35:12,455 [INFO] Lookup MVA 61317244
2026-08-11 09:35:14,384 [INFO] FieldPO popup detected. Clicking Resume Work.
2026-08-11 09:35:28,307 [INFO] Row 2285 MVA 61317244 -> NextAction=FPO1086502
2026-08-11 09:35:28,307 [INFO] Lookup MVA 60238522
2026-08-11 09:35:30,220 [INFO] FieldPO popup detected. Clicking Resume Work.
2026-08-11 09:35:44,089 [INFO] Row 2286 MVA 60238522 -> NextAction=FPO1102245
2026-08-11 09:35:44,089 [INFO] Lookup MVA 59860533
2026-08-11 09:35:46,014 [INFO] FieldPO popup detected. Clicking Resume Work.
2026-08-11 09:35:59,908 [INFO] Row 2287 MVA 59860533 -> NextAction=FPO1102253
2026-08-11 09:35:59,908 [INFO] Lookup MVA 60643030
2026-08-11 09:36:01,834 [INFO] FieldPO popup detected. Clicking Resume Work.
2026-08-11 09:36:15,733 [INFO] Row 2288 MVA 60643030 -> NextAction=FPO1102234
2026-08-11 09:36:15,733 [INFO] Lookup MVA 59988471
2026-08-11 09:36:17,678 [INFO] FieldPO popup detected. Clicking Resume Work.
2026-08-11 09:36:31,594 [INFO] Row 2289 MVA 59988471 -> NextAction=FPO1102241
2026-08-11 09:36:31,594 [INFO] Lookup MVA 50094170
2026-08-11 09:36:33,534 [INFO] FieldPO popup detected. Clicking Resume Work.
2026-08-11 09:36:47,388 [INFO] Row 2290 MVA 50094170 -> NextAction=FPO1102062
2026-08-11 09:36:47,388 [INFO] Lookup MVA 61104131
2026-08-11 09:36:49,326 [INFO] FieldPO popup detected. Clicking Resume Work.
2026-08-11 09:37:02,770 [INFO] Purchase Orders count is 3; selecting topmost PO value FPO1101190
2026-08-11 09:37:03,331 [INFO] Row 2291 MVA 61104131 -> NextAction=FPO1101190
2026-08-11 09:37:03,331 [INFO] Lookup MVA 60565595
2026-08-11 09:37:05,260 [INFO] FieldPO popup detected. Clicking Resume Work.
2026-08-11 09:37:19,144 [INFO] Row 2292 MVA 60565595 -> NextAction=FPO1082782
2026-08-11 09:37:19,144 [INFO] Lookup MVA 61744550
2026-08-11 09:37:21,087 [INFO] FieldPO popup detected. Clicking Resume Work.
2026-08-11 09:37:34,970 [INFO] Row 2293 MVA 61744550 -> NextAction=FPO1082745
2026-08-11 09:37:34,970 [INFO] Lookup MVA 58354483
2026-08-11 09:37:36,902 [INFO] FieldPO popup detected. Clicking Resume Work.
2026-08-11 09:37:50,914 [INFO] Row 2294 MVA 58354483 -> NextAction=FPO1102080
2026-08-11 09:37:50,914 [INFO] Lookup MVA 61704602
2026-08-11 09:37:52,856 [INFO] FieldPO popup detected. Clicking Resume Work.
2026-08-11 09:38:06,998 [INFO] Row 2295 MVA 61704602 -> NextAction=FPO1077978
2026-08-11 09:38:06,998 [INFO] Lookup MVA 59549011
2026-08-11 09:38:08,944 [INFO] FieldPO popup detected. Clicking Resume Work.
2026-08-11 09:38:22,920 [INFO] Row 2296 MVA 59549011 -> NextAction=FPO1090183
2026-08-11 09:38:22,920 [INFO] Lookup MVA 60664601
2026-08-11 09:38:24,859 [INFO] FieldPO popup detected. Clicking Resume Work.
2026-08-11 09:38:38,994 [INFO] Row 2297 MVA 60664601 -> NextAction=FPO1102095
2026-08-11 09:38:38,994 [INFO] Lookup MVA 60622564
2026-08-11 09:38:40,951 [INFO] FieldPO popup detected. Clicking Resume Work.
2026-08-11 09:38:54,843 [INFO] Row 2298 MVA 60622564 -> NextAction=FPO1102116
2026-08-11 09:38:54,843 [INFO] Lookup MVA 59532406
2026-08-11 09:38:56,775 [INFO] FieldPO popup detected. Clicking Resume Work.
2026-08-11 09:39:10,707 [INFO] Row 2299 MVA 59532406 -> NextAction=FPO1102136
2026-08-11 09:39:16,305 [INFO] Complete. Updated=19, multi=0, missing=0, single=19, patched_blanks=0, forced_scope_fills=0, verify_match=0, verify_mismatch=0
2026-08-12 08:13:23,879 [INFO] Starting FieldPO NextAction fill script
2026-08-12 08:13:25,768 [INFO] Found 13 lookup candidate row(s) and 0 non-blank verification row(s) for today.
2026-08-12 08:13:25,768 [INFO] Backup written: C:\Users\steeldir\GlassOrchestrator\log\fieldpo_nextaction_backups\nextaction_backup_20260812_081325.json
2026-08-12 08:13:31,342 [INFO] FieldPO popup detected. Clicking Resume Work.
2026-08-12 08:13:31,706 [INFO] Lookup MVA 62021481
2026-08-12 08:13:33,417 [INFO] FieldPO popup detected. Clicking Resume Work.
2026-08-12 08:13:47,184 [INFO] Row 2304 MVA 62021481 -> NextAction=FPO1103718
2026-08-12 08:13:47,184 [INFO] Lookup MVA 60725276
2026-08-12 08:13:49,148 [INFO] FieldPO popup detected. Clicking Resume Work.
2026-08-12 08:14:02,898 [INFO] Row 2305 MVA 60725276 -> NextAction=FPO1099677
2026-08-12 08:14:02,898 [INFO] Lookup MVA 61147446
2026-08-12 08:14:04,622 [INFO] FieldPO popup detected. Clicking Resume Work.
2026-08-12 08:14:18,390 [INFO] Row 2306 MVA 61147446 -> NextAction=FPO1102214
2026-08-12 08:14:18,390 [INFO] Lookup MVA 61095602
2026-08-12 08:14:20,116 [INFO] FieldPO popup detected. Clicking Resume Work.
2026-08-12 08:14:34,111 [INFO] Row 2307 MVA 61095602 -> NextAction=FPO1102226
2026-08-12 08:14:34,111 [INFO] Lookup MVA 57876184
2026-08-12 08:14:35,796 [INFO] FieldPO popup detected. Clicking Resume Work.
2026-08-12 08:14:49,555 [INFO] Row 2308 MVA 57876184 -> NextAction=FPO978355
2026-08-12 08:14:49,555 [INFO] Lookup MVA 61886790
2026-08-12 08:14:51,235 [INFO] FieldPO popup detected. Clicking Resume Work.
2026-08-12 08:15:04,971 [INFO] Row 2309 MVA 61886790 -> NextAction=FPO1103725
2026-08-12 08:15:04,971 [INFO] Lookup MVA 57819145
2026-08-12 08:15:06,727 [INFO] FieldPO popup detected. Clicking Resume Work.
2026-08-12 08:15:20,584 [INFO] Row 2310 MVA 57819145 -> NextAction=FPO1103731
2026-08-12 08:15:20,584 [INFO] Lookup MVA 61704602
2026-08-12 08:15:22,298 [INFO] FieldPO popup detected. Clicking Resume Work.
2026-08-12 08:15:36,062 [INFO] Row 2311 MVA 61704602 -> NextAction=FPO1077978
2026-08-12 08:15:36,062 [INFO] Lookup MVA 59549011
2026-08-12 08:15:37,760 [INFO] FieldPO popup detected. Clicking Resume Work.
2026-08-12 08:15:51,488 [INFO] Row 2312 MVA 59549011 -> NextAction=FPO1090183
2026-08-12 08:15:51,494 [INFO] Lookup MVA 59751543
2026-08-12 08:15:53,217 [INFO] FieldPO popup detected. Clicking Resume Work.
2026-08-12 08:16:07,019 [INFO] Row 2313 MVA 59751543 -> NextAction=FPO1103700
2026-08-12 08:16:07,019 [INFO] Lookup MVA 61812332
2026-08-12 08:16:08,743 [INFO] FieldPO popup detected. Clicking Resume Work.
2026-08-12 08:16:22,502 [INFO] Row 2314 MVA 61812332 -> NextAction=FPO1099673
2026-08-12 08:16:22,502 [INFO] Lookup MVA 59532406
2026-08-12 08:16:24,208 [INFO] FieldPO popup detected. Clicking Resume Work.
2026-08-12 08:16:37,968 [INFO] Row 2315 MVA 59532406 -> NextAction=FPO1102136
2026-08-12 08:16:37,979 [INFO] Lookup MVA 59988471
2026-08-12 08:16:39,713 [INFO] FieldPO popup detected. Clicking Resume Work.
2026-08-12 08:16:53,499 [INFO] Row 2316 MVA 59988471 -> NextAction=FPO1102241
2026-08-12 08:16:56,493 [INFO] Complete. Updated=13, multi=0, missing=0, single=13, patched_blanks=0, forced_scope_fills=0, verify_match=0, verify_mismatch=0
2026-08-13 08:57:58,129 [INFO] Starting FieldPO NextAction fill script
2026-08-13 08:57:59,678 [INFO] Found 16 lookup candidate row(s) and 0 non-blank verification row(s) for today.
2026-08-13 08:57:59,681 [INFO] Backup written: C:\Users\steeldir\GlassOrchestrator\log\fieldpo_nextaction_backups\nextaction_backup_20260813_085759.json
2026-08-13 08:58:05,012 [INFO] FieldPO popup detected. Clicking Resume Work.
2026-08-13 08:58:05,377 [INFO] Lookup MVA 60725276
2026-08-13 08:58:07,101 [INFO] FieldPO popup detected. Clicking Resume Work.
2026-08-13 08:58:20,878 [INFO] Row 2324 MVA 60725276 -> NextAction=FPO1099677
2026-08-13 08:58:20,878 [INFO] Lookup MVA 61147446
2026-08-13 08:58:22,572 [INFO] FieldPO popup detected. Clicking Resume Work.
2026-08-13 08:58:36,404 [INFO] Row 2325 MVA 61147446 -> NextAction=FPO1102214
2026-08-13 08:58:36,404 [INFO] Lookup MVA 58384465
2026-08-13 08:58:38,143 [INFO] FieldPO popup detected. Clicking Resume Work.
2026-08-13 08:58:51,873 [INFO] Row 2326 MVA 58384465 -> NextAction=FPO1020268
2026-08-13 08:58:51,873 [INFO] Lookup MVA 54574741
2026-08-13 08:58:53,594 [INFO] FieldPO popup detected. Clicking Resume Work.
2026-08-13 08:59:07,339 [INFO] Row 2327 MVA 54574741 -> NextAction=FPO856880
2026-08-13 08:59:07,339 [INFO] Lookup MVA 56832860
2026-08-13 08:59:09,055 [INFO] FieldPO popup detected. Clicking Resume Work.
2026-08-13 08:59:22,796 [INFO] Row 2328 MVA 56832860 -> NextAction=FPO1024510
2026-08-13 08:59:22,797 [INFO] Lookup MVA 60589815
2026-08-13 08:59:24,527 [INFO] FieldPO popup detected. Clicking Resume Work.
2026-08-13 08:59:33,047 [INFO] 60589815 - FieldPO returned no workorder result. Writing missing.
2026-08-13 08:59:33,512 [INFO] Row 2329 MVA 60589815 -> NextAction=missing
2026-08-13 08:59:33,513 [INFO] Lookup MVA 59241910
2026-08-13 08:59:35,235 [INFO] FieldPO popup detected. Clicking Resume Work.
2026-08-13 08:59:43,739 [INFO] 59241910 - FieldPO returned no workorder result. Writing missing.
2026-08-13 08:59:44,065 [INFO] Row 2330 MVA 59241910 -> NextAction=missing
2026-08-13 08:59:44,066 [INFO] Lookup MVA 59473621
2026-08-13 08:59:45,790 [INFO] FieldPO popup detected. Clicking Resume Work.
2026-08-13 08:59:59,518 [INFO] Row 2331 MVA 59473621 -> NextAction=FPO1105191
2026-08-13 08:59:59,519 [INFO] Lookup MVA 58613494
2026-08-13 09:00:01,233 [INFO] FieldPO popup detected. Clicking Resume Work.
2026-08-13 09:00:14,974 [INFO] Row 2332 MVA 58613494 -> NextAction=FPO1105196
2026-08-13 09:00:14,974 [INFO] Lookup MVA 53271363
2026-08-13 09:00:16,683 [INFO] FieldPO popup detected. Clicking Resume Work.
2026-08-13 09:00:30,392 [INFO] Row 2333 MVA 53271363 -> NextAction=FPO1105204
2026-08-13 09:00:30,393 [INFO] Lookup MVA 59360324
2026-08-13 09:00:32,129 [INFO] FieldPO popup detected. Clicking Resume Work.
2026-08-13 09:00:45,952 [INFO] Row 2334 MVA 59360324 -> NextAction=FPO1105211
2026-08-13 09:00:45,953 [INFO] Lookup MVA 61704602
2026-08-13 09:00:47,675 [INFO] FieldPO popup detected. Clicking Resume Work.
2026-08-13 09:01:01,425 [INFO] Row 2335 MVA 61704602 -> NextAction=FPO1077978
2026-08-13 09:01:01,425 [INFO] Lookup MVA 61812332
2026-08-13 09:01:03,156 [INFO] FieldPO popup detected. Clicking Resume Work.
2026-08-13 09:01:17,056 [INFO] Row 2336 MVA 61812332 -> NextAction=FPO1099673
2026-08-13 09:01:17,057 [INFO] Lookup MVA 61744550
2026-08-13 09:01:18,783 [INFO] FieldPO popup detected. Clicking Resume Work.
2026-08-13 09:01:32,569 [INFO] Row 2337 MVA 61744550 -> NextAction=FPO1082745
2026-08-13 09:01:32,569 [INFO] Lookup MVA 60565595
2026-08-13 09:01:34,261 [INFO] FieldPO popup detected. Clicking Resume Work.
2026-08-13 09:01:48,014 [INFO] Row 2338 MVA 60565595 -> NextAction=FPO1082782
2026-08-13 09:01:48,014 [INFO] Lookup MVA 60726061
2026-08-13 09:01:49,746 [INFO] FieldPO popup detected. Clicking Resume Work.
2026-08-13 09:02:03,514 [INFO] Row 2339 MVA 60726061 -> NextAction=FPO1105234
2026-08-13 09:02:06,848 [INFO] Complete. Updated=16, multi=0, missing=2, single=14, patched_blanks=0, forced_scope_fills=0, verify_match=0, verify_mismatch=0
2026-08-14 08:09:08,626 [INFO] Starting FieldPO NextAction fill script
2026-08-14 08:09:10,292 [INFO] Found 12 lookup candidate row(s) and 0 non-blank verification row(s) for today.
2026-08-14 08:09:10,295 [INFO] Backup written: C:\Users\steeldir\GlassOrchestrator\log\fieldpo_nextaction_backups\nextaction_backup_20260814_080910.json
2026-08-14 08:09:15,626 [INFO] FieldPO popup detected. Clicking Resume Work.
2026-08-14 08:09:15,987 [INFO] Lookup MVA 54574741
2026-08-14 08:09:17,714 [INFO] FieldPO popup detected. Clicking Resume Work.
2026-08-14 08:09:31,477 [INFO] Row 2340 MVA 54574741 -> NextAction=FPO1106650
2026-08-14 08:09:31,477 [INFO] Lookup MVA 61147446
2026-08-14 08:09:33,430 [INFO] FieldPO popup detected. Clicking Resume Work.
2026-08-14 08:09:47,240 [INFO] Row 2341 MVA 61147446 -> NextAction=FPO1102214
2026-08-14 08:09:47,240 [INFO] Lookup MVA 59147454
2026-08-14 08:09:48,978 [INFO] FieldPO popup detected. Clicking Resume Work.
2026-08-14 08:10:02,766 [INFO] Row 2342 MVA 59147454 -> NextAction=FPO813356
2026-08-14 08:10:02,766 [INFO] Lookup MVA 56832860
2026-08-14 08:10:04,456 [INFO] FieldPO popup detected. Clicking Resume Work.
2026-08-14 08:10:18,313 [INFO] Row 2343 MVA 56832860 -> NextAction=FPO1106651
2026-08-14 08:10:18,313 [INFO] Lookup MVA 59241910
2026-08-14 08:10:20,053 [INFO] FieldPO popup detected. Clicking Resume Work.
2026-08-14 08:10:33,856 [INFO] Row 2344 MVA 59241910 -> NextAction=FPO1106652
2026-08-14 08:10:33,857 [INFO] Lookup MVA 60768293
2026-08-14 08:10:35,573 [INFO] FieldPO popup detected. Clicking Resume Work.
2026-08-14 08:10:49,433 [INFO] Row 2346 MVA 60768293 -> NextAction=FPO1106654
2026-08-14 08:10:49,433 [INFO] Lookup MVA 60726061
2026-08-14 08:10:51,173 [INFO] FieldPO popup detected. Clicking Resume Work.
2026-08-14 08:11:04,928 [INFO] Row 2349 MVA 60726061 -> NextAction=FPO1105234
2026-08-14 08:11:04,928 [INFO] Lookup MVA 60565595
2026-08-14 08:11:06,611 [INFO] FieldPO popup detected. Clicking Resume Work.
2026-08-14 08:11:20,340 [INFO] Row 2350 MVA 60565595 -> NextAction=FPO1082782
2026-08-14 08:11:20,340 [INFO] Lookup MVA 61812332
2026-08-14 08:11:22,061 [INFO] FieldPO popup detected. Clicking Resume Work.
2026-08-14 08:11:35,862 [INFO] Row 2351 MVA 61812332 -> NextAction=FPO1099673
2026-08-14 08:11:35,863 [INFO] Lookup MVA 61704602
2026-08-14 08:11:37,617 [INFO] FieldPO popup detected. Clicking Resume Work.
2026-08-14 08:11:51,430 [INFO] Row 2352 MVA 61704602 -> NextAction=FPO1077978
2026-08-14 08:11:51,430 [INFO] Lookup MVA 61190021
2026-08-14 08:11:53,161 [INFO] FieldPO popup detected. Clicking Resume Work.
2026-08-14 08:12:06,944 [INFO] Row 2353 MVA 61190021 -> NextAction=FPO1105222
2026-08-14 08:12:06,944 [INFO] Lookup MVA 58911845
2026-08-14 08:12:08,687 [INFO] FieldPO popup detected. Clicking Resume Work.
2026-08-14 08:12:22,575 [INFO] Row 2354 MVA 58911845 -> NextAction=FPO1106625
2026-08-14 08:12:25,651 [INFO] Complete. Updated=12, multi=0, missing=0, single=12, patched_blanks=0, forced_scope_fills=0, verify_match=0, verify_mismatch=0
